---
source: src/tests/integration/close_pane.rs
expression: snapshot
---
line18-aaaaaaaaaaaaaaaaaaaaaaaaaaaaaaaaaaaaaaaaaaaaaaaaaaaaa│bbbbbbbbbbbbbbb│line2-bbbbbbbb│line14-bbbbbbbbbbbbbbbbbbbbbb
aaaaaaaaaaaaaaaaaaaaaaaaaaaaaaaaaaaaaaaaaaaaaaaaaaaaaaaaaaaa│bbbbbbbbbbbbbbb│line3-bbbbbbbb│line15-bbbbbbbbbbbbbbbbbbbbbb
a                                                           │line16-bbbbbbbb│line4-bbbbbbbb│line16-bbbbbbbbbbbbbbbbbbbbbb
line19-aaaaaaaaaaaaaaaaaaaaaaaaaaaaaaaaaaaaaaaaaaaaaaaaaaaaa│bbbbbbbbbbbbbbb│line5-bbbbbbbb│line17-bbbbbbbbbbbbbbbbbbbbbb
aaaaaaaaaaaaaaaaaaaaaaaaaaaaaaaaaaaaaaaaaaaaaaaaaaaaaaaaaaaa│bbbbbbbbbbbbbbb│line6-bbbbbbbb│line18-bbbbbbbbbbbbbbbbbbbbbb
a                                                           │bbbbbbbbbbbbbbb│line7-bbbbbbbb│line19-bbbbbbbbbbbbbbbbbbbbbb
prompt $                                                    │line17-bbbbbbbb│line8-bbbbbbbb│prompt $                     
────────────────────────────────────────────────────────────┤bbbbbbbbbbbbbbb│line9-bbbbbbbb├─────────────────────────────
a                                                           │bbbbbbbbbbbbbbb│line10-bbbbbbb│line10-bbbbbbbbbbbbbbbbbbbbbb
line17-aaaaaaaaaaaaaaaaaaaaaaaaaaaaaaaaaaaaaaaaaaaaaaaaaaaaa│bbbbbbbbbbbbbbb│line11-bbbbbbb│line11-bbbbbbbbbbbbbbbbbbbbbb
aaaaaaaaaaaaaaaaaaaaaaaaaaaaaaaaaaaaaaaaaaaaaaaaaaaaaaaaaaaa│line18-bbbbbbbb│line12-bbbbbbb│line12-bbbbbbbbbbbbbbbbbbbbbb
a                                                           │bbbbbbbbbbbbbbb│line13-bbbbbbb│line13-bbbbbbbbbbbbbbbbbbbbbb
line18-aaaaaaaaaaaaaaaaaaaaaaaaaaaaaaaaaaaaaaaaaaaaaaaaaaaaa│bbbbbbbbbbbbbbb│line14-bbbbbbb│line14-bbbbbbbbbbbbbbbbbbbbbb
aaaaaaaaaaaaaaaaaaaaaaaaaaaaaaaaaaaaaaaaaaaaaaaaaaaaaaaaaaaa│bbbbbbbbbbbbbbb│line15-bbbbbbb│line15-bbbbbbbbbbbbbbbbbbbbbb
a                                                           │line19-bbbbbbbb│line16-bbbbbbb│line16-bbbbbbbbbbbbbbbbbbbbbb
line19-aaaaaaaaaaaaaaaaaaaaaaaaaaaaaaaaaaaaaaaaaaaaaaaaaaaaa│bbbbbbbbbbbbbbb│line17-bbbbbbb│line17-bbbbbbbbbbbbbbbbbbbbbb
aaaaaaaaaaaaaaaaaaaaaaaaaaaaaaaaaaaaaaaaaaaaaaaaaaaaaaaaaaaa│bbbbbbbbbbbbbbb│line18-bbbbbbb│line18-bbbbbbbbbbbbbbbbbbbbbb
a                                                           │bbbbbbbbbbbbbbb│line19-bbbbbbb│line19-bbbbbbbbbbbbbbbbbbbbbb
prompt $                                                    │prompt $       │prompt $      │prompt $                     
Bye from Mosaic!█                                                                                                        
