---
source: src/tests/integration/compatibility.rs
expression: snapshot
---
⋊> ~/c/mosaic on main ⨯ sudo badblocks                                                                      11:32:23
badblocks   (Executable, 33kB)  base64    (Executable, 42kB)  bash     (Executable, 906kB)                          
bandwhich  (Executable, 3.0MB)  basename  (Executable, 38kB)  bashbug  (Executable, 6.8kB)                          
base32      (Executable, 42kB)  basenc    (Executable, 50kB)  bass                                                  
                                                                                                                    
                                                                                                                    
                                                                                                                    
                                                                                                                    
                                                                                                                    
                                                                                                                    
                                                                                                                    
                                                                                                                    
                                                                                                                    
                                                                                                                    
                                                                                                                    
                                                                                                                    
                                                                                                                    
                                                                                                                    
                                                                                                                    
                                                                                                                    
                                                                                                                    
                                                                                                                    
                                                                                                                    
                                                                                                                    
                                                                                                                    
                                                                                                                    
                                                                                                                    
Bye from Mosaic!█                                                                                                   
