---
source: src/tests/integration/compatibility.rs
expression: snapshot
---
⋊> ~/c/mosaic on main ⨯ bash                                                                                16:00:06
[aram@green mosaic]$ 12345678912345678912345678912345678912345678912345678912345678912345678912345678912345678912345
                                                                                                                    
                                                                                                                    
                                                                                                                    
                                                                                                                    
                                                                                                                    
                                                                                                                    
                                                                                                                    
                                                                                                                    
                                                                                                                    
                                                                                                                    
                                                                                                                    
                                                                                                                    
                                                                                                                    
                                                                                                                    
                                                                                                                    
                                                                                                                    
                                                                                                                    
                                                                                                                    
                                                                                                                    
                                                                                                                    
                                                                                                                    
                                                                                                                    
                                                                                                                    
                                                                                                                    
                                                                                                                    
Bye from Mosaic!█                                                                                                   
