---
source: src/tests/integration/resize_down.rs
expression: snapshot
---
aaaaaaaaaaaaaaaaaaaaaaaaaaaaaa│line1-bbbbbbbbbbbbbbbbbbbbbbbbbbbbbbbbbbbbbbbbbbbbbbbbbbbbbb│line1-bbbbbbbbbbbbbbbbbbbbbbb
aaaaaaaaaaaaaaaaaaaaaaaaaaaaaa│line2-bbbbbbbbbbbbbbbbbbbbbbbbbbbbbbbbbbbbbbbbbbbbbbbbbbbbbb│line2-bbbbbbbbbbbbbbbbbbbbbbb
aaaaaaaaaaaaaaaaaaaaaaaaaaaaaa│line3-bbbbbbbbbbbbbbbbbbbbbbbbbbbbbbbbbbbbbbbbbbbbbbbbbbbbbb│line3-bbbbbbbbbbbbbbbbbbbbbbb
a                             │line4-bbbbbbbbbbbbbbbbbbbbbbbbbbbbbbbbbbbbbbbbbbbbbbbbbbbbbb│line4-bbbbbbbbbbbbbbbbbbbbbbb
line17-aaaaaaaaaaaaaaaaaaaaaaa│line5-bbbbbbbbbbbbbbbbbbbbbbbbbbbbbbbbbbbbbbbbbbbbbbbbbbbbbb│line5-bbbbbbbbbbbbbbbbbbbbbbb
aaaaaaaaaaaaaaaaaaaaaaaaaaaaaa│line6-bbbbbbbbbbbbbbbbbbbbbbbbbbbbbbbbbbbbbbbbbbbbbbbbbbbbbb│line6-bbbbbbbbbbbbbbbbbbbbbbb
aaaaaaaaaaaaaaaaaaaaaaaaaaaaaa│line7-bbbbbbbbbbbbbbbbbbbbbbbbbbbbbbbbbbbbbbbbbbbbbbbbbbbbbb│line7-bbbbbbbbbbbbbbbbbbbbbbb
aaaaaaaaaaaaaaaaaaaaaaaaaaaaaa│line8-bbbbbbbbbbbbbbbbbbbbbbbbbbbbbbbbbbbbbbbbbbbbbbbbbbbbbb│line8-bbbbbbbbbbbbbbbbbbbbbbb
a                             │line9-bbbbbbbbbbbbbbbbbbbbbbbbbbbbbbbbbbbbbbbbbbbbbbbbbbbbbb│line9-bbbbbbbbbbbbbbbbbbbbbbb
line18-aaaaaaaaaaaaaaaaaaaaaaa│line10-bbbbbbbbbbbbbbbbbbbbbbbbbbbbbbbbbbbbbbbbbbbbbbbbbbbbb│line10-bbbbbbbbbbbbbbbbbbbbbb
aaaaaaaaaaaaaaaaaaaaaaaaaaaaaa│line11-bbbbbbbbbbbbbbbbbbbbbbbbbbbbbbbbbbbbbbbbbbbbbbbbbbbbb│line11-bbbbbbbbbbbbbbbbbbbbbb
aaaaaaaaaaaaaaaaaaaaaaaaaaaaaa│line12-bbbbbbbbbbbbbbbbbbbbbbbbbbbbbbbbbbbbbbbbbbbbbbbbbbbbb│line12-bbbbbbbbbbbbbbbbbbbbbb
aaaaaaaaaaaaaaaaaaaaaaaaaaaaaa│line13-bbbbbbbbbbbbbbbbbbbbbbbbbbbbbbbbbbbbbbbbbbbbbbbbbbbbb│line13-bbbbbbbbbbbbbbbbbbbbbb
a                             │line14-bbbbbbbbbbbbbbbbbbbbbbbbbbbbbbbbbbbbbbbbbbbbbbbbbbbbb│line14-bbbbbbbbbbbbbbbbbbbbbb
line19-aaaaaaaaaaaaaaaaaaaaaaa│line15-bbbbbbbbbbbbbbbbbbbbbbbbbbbbbbbbbbbbbbbbbbbbbbbbbbbbb│line15-bbbbbbbbbbbbbbbbbbbbbb
aaaaaaaaaaaaaaaaaaaaaaaaaaaaaa│line16-bbbbbbbbbbbbbbbbbbbbbbbbbbbbbbbbbbbbbbbbbbbbbbbbbbbbb│line16-bbbbbbbbbbbbbbbbbbbbbb
aaaaaaaaaaaaaaaaaaaaaaaaaaaaaa│line17-bbbbbbbbbbbbbbbbbbbbbbbbbbbbbbbbbbbbbbbbbbbbbbbbbbbbb│line17-bbbbbbbbbbbbbbbbbbbbbb
aaaaaaaaaaaaaaaaaaaaaaaaaaaaaa│line18-bbbbbbbbbbbbbbbbbbbbbbbbbbbbbbbbbbbbbbbbbbbbbbbbbbbbb│line18-bbbbbbbbbbbbbbbbbbbbbb
a                             │line19-bbbbbbbbbbbbbbbbbbbbbbbbbbbbbbbbbbbbbbbbbbbbbbbbbbbbb│line19-bbbbbbbbbbbbbbbbbbbbbb
prompt $                      │prompt $                                                    │prompt $ █                   
──────────────────────────────┤                                                            │                             
line2-bbbbbbbbbbbbbbbbbbbbbbbb│                                                            │                             
line3-bbbbbbbbbbbbbbbbbbbbbbbb│                                                            │                             
line4-bbbbbbbbbbbbbbbbbbbbbbbb│                                                            │                             
line5-bbbbbbbbbbbbbbbbbbbbbbbb│                                                            │                             
line6-bbbbbbbbbbbbbbbbbbbbbbbb│                                                            │                             
line7-bbbbbbbbbbbbbbbbbbbbbbbb│                                                            │                             
line8-bbbbbbbbbbbbbbbbbbbbbbbb│                                                            │                             
line9-bbbbbbbbbbbbbbbbbbbbbbbb│                                                            │                             
line10-bbbbbbbbbbbbbbbbbbbbbbb│                                                            │                             
line11-bbbbbbbbbbbbbbbbbbbbbbb│                                                            │                             
line12-bbbbbbbbbbbbbbbbbbbbbbb│                                                            │                             
line13-bbbbbbbbbbbbbbbbbbbbbbb│                                                            │                             
line14-bbbbbbbbbbbbbbbbbbbbbbb│                                                            │                             
line15-bbbbbbbbbbbbbbbbbbbbbbb│                                                            │                             
line16-bbbbbbbbbbbbbbbbbbbbbbb│                                                            │                             
line17-bbbbbbbbbbbbbbbbbbbbbbb│                                                            │                             
line18-bbbbbbbbbbbbbbbbbbbbbbb│                                                            │                             
line19-bbbbbbbbbbbbbbbbbbbbbbb│                                                            │                             
prompt $                      │                                                            │                             
